******************************************************************************
                  TI ARM Linker PC v20.2.7                     
******************************************************************************
>> Linked Sat May  6 07:26:47 2023

OUTPUT FILE NAME:   <LABORATORIO8.out>
ENTRY POINT SYMBOL: "_c_int00_noargs"  address: 00000ad5


MEMORY CONFIGURATION

         name            origin    length      used     unused   attr    fill
----------------------  --------  ---------  --------  --------  ----  --------
  FLASH                 00000000   00040000  00000d4c  0003f2b4  R  X
  SRAM                  20000000   00008000  00000208  00007df8  RW X


SEGMENT ALLOCATION MAP

run origin  load origin   length   init length attrs members
----------  ----------- ---------- ----------- ----- -------
00000000    00000000    00000d50   00000d50    r-x
  00000000    00000000    0000026c   0000026c    r-- .intvecs
  0000026c    0000026c    000009d4   000009d4    r-x .text
  00000c40    00000c40    000000dc   000000dc    r-- .const
  00000d20    00000d20    00000030   00000030    r-- .cinit
20000000    20000000    00000208   00000000    rw-
  20000000    20000000    00000200   00000000    rw- .stack
  20000200    20000200    00000006   00000000    rw- .bss
  20000206    20000206    00000002   00000000    rw- .data


SECTION ALLOCATION MAP

 output                                  attributes/
section   page    origin      length       input sections
--------  ----  ----------  ----------   ----------------
.intvecs   0    00000000    0000026c     
                  00000000    0000026c     tm4c123gh6pm_startup_ccs.obj (.intvecs)

.text      0    0000026c    000009d4     
                  0000026c    000002a4     main.obj (.text)
                  00000510    00000132     driverlib.lib : gpio.obj (.text:GPIOPadConfigSet)
                  00000642    00000002     --HOLE-- [fill = 0]
                  00000644    00000110                   : sysctl.obj (.text:SysCtlClockGet)
                  00000754    000000f4                   : sysctl.obj (.text:SysCtlClockSet)
                  00000848    0000009c     rtsv7M4_T_le_v4SPD16_eabi.lib : memcpy_t2.asm.obj (.text)
                  000008e4    00000068     driverlib.lib : interrupt.obj (.text:IntEnable)
                  0000094c    00000068     rtsv7M4_T_le_v4SPD16_eabi.lib : copy_decompress_lzss.c.obj (.text:decompress:lzss:__TI_decompress_lzss)
                  000009b4    00000060     driverlib.lib : timer.obj (.text:TimerConfigure)
                  00000a14    00000046                   : uart.obj (.text:UARTConfigSetExpClk)
                  00000a5a    00000002     --HOLE-- [fill = 0]
                  00000a5c    00000044     rtsv7M4_T_le_v4SPD16_eabi.lib : autoinit.c.obj (.text:__TI_auto_init_nobinit_nopinit:__TI_auto_init_nobinit_nopinit)
                  00000aa0    00000034     driverlib.lib : sysctl.obj (.text:SysCtlPeripheralEnable)
                  00000ad4    00000034     rtsv7M4_T_le_v4SPD16_eabi.lib : boot_cortex_m.c.obj (.text:_c_int00_noargs:_c_int00_noargs)
                  00000b08    0000002a     driverlib.lib : gpio.obj (.text:GPIODirModeSet)
                  00000b32    00000002     --HOLE-- [fill = 0]
                  00000b34    00000020                   : uart.obj (.text:UARTDisable)
                  00000b54    0000001c     rtsv7M4_T_le_v4SPD16_eabi.lib : copy_zero_init.c.obj (.text:decompress:ZI:__TI_zero_init_nomemset:__TI_zero_init_nomemset)
                  00000b70    00000018     driverlib.lib : gpio.obj (.text:GPIOPinTypeGPIOOutput)
                  00000b88    00000014                   : uart.obj (.text:UARTEnable)
                  00000b9c    00000012                   : gpio.obj (.text:GPIOPinTypeUART)
                  00000bae    00000012                   : timer.obj (.text:TimerLoadSet)
                  00000bc0    00000010                   : interrupt.obj (.text:IntMasterEnable)
                  00000bd0    0000000e                   : timer.obj (.text:TimerEnable)
                  00000bde    0000000e     rtsv7M4_T_le_v4SPD16_eabi.lib : copy_decompress_none.c.obj (.text:decompress:none:__TI_decompress_none)
                  00000bec    0000000c     driverlib.lib : cpu.obj (.text:CPUcpsie)
                  00000bf8    0000000c     tm4c123gh6pm_startup_ccs.obj (.text)
                  00000c04    0000000a     driverlib.lib : uart.obj (.text:UARTCharGet)
                  00000c0e    00000008                   : timer.obj (.text:TimerIntEnable)
                  00000c16    00000008                   : uart.obj (.text:UARTIntEnable)
                  00000c1e    00000006                   : gpio.obj (.text:GPIOPinRead)
                  00000c24    00000006                   : gpio.obj (.text:GPIOPinWrite)
                  00000c2a    00000006                   : sysctl.obj (.text:SysCtlDelay)
                  00000c30    00000004                   : timer.obj (.text:TimerIntClear)
                  00000c34    00000004                   : uart.obj (.text:UARTIntClear)
                  00000c38    00000004     rtsv7M4_T_le_v4SPD16_eabi.lib : pre_init.c.obj (.text:_system_pre_init)
                  00000c3c    00000004                                   : exit.c.obj (.text:abort:abort)

.const     0    00000c40    000000dc     
                  00000c40    00000070     driverlib.lib : interrupt.obj (.const)
                  00000cb0    0000006c                   : sysctl.obj (.const:g_pui32Xtals)

.cinit     0    00000d20    00000030     
                  00000d20    0000000c     (__TI_handler_table)
                  00000d2c    00000004     --HOLE-- [fill = 0]
                  00000d30    00000008     (.cinit..bss.load) [load image, compression = zero_init]
                  00000d38    00000006     (.cinit..data.load) [load image, compression = lzss]
                  00000d3e    00000002     --HOLE-- [fill = 0]
                  00000d40    00000010     (__TI_cinit_table)

.init_array 
*          0    00000000    00000000     UNINITIALIZED

.bss       0    20000200    00000006     UNINITIALIZED
                  20000200    00000004     (.common:period)
                  20000204    00000001     (.common:i)
                  20000205    00000001     (.common:recompilado)

.data      0    20000206    00000002     UNINITIALIZED
                  20000206    00000002     main.obj (.data)

.stack     0    20000000    00000200     UNINITIALIZED
                  20000000    00000004     rtsv7M4_T_le_v4SPD16_eabi.lib : boot_cortex_m.c.obj (.stack)
                  20000004    000001fc     --HOLE--

__llvm_prf_cnts 
*          0    20000000    00000000     UNINITIALIZED

MODULE SUMMARY

       Module                         code   ro data   rw data
       ------                         ----   -------   -------
    .\
       main.obj                       676    0         8      
       tm4c123gh6pm_startup_ccs.obj   12     620       0      
    +--+------------------------------+------+---------+---------+
       Total:                         688    620       8      
                                                              
    C:/ti/TivaWare_C_Series-2.1.4.178/driverlib/ccs/Debug/driverlib.lib
       sysctl.obj                     574    108       0      
       gpio.obj                       402    0         0      
       interrupt.obj                  120    112       0      
       uart.obj                       144    0         0      
       timer.obj                      140    0         0      
       cpu.obj                        12     0         0      
    +--+------------------------------+------+---------+---------+
       Total:                         1392   220       0      
                                                              
    C:\ti\ccs1230\ccs\tools\compiler\ti-cgt-arm_20.2.7.LTS\lib\rtsv7M4_T_le_v4SPD16_eabi.lib
       memcpy_t2.asm.obj              156    0         0      
       copy_decompress_lzss.c.obj     104    0         0      
       autoinit.c.obj                 68     0         0      
       boot_cortex_m.c.obj            52     0         0      
       copy_zero_init.c.obj           28     0         0      
       copy_decompress_none.c.obj     14     0         0      
       exit.c.obj                     4      0         0      
       pre_init.c.obj                 4      0         0      
    +--+------------------------------+------+---------+---------+
       Total:                         430    0         0      
                                                              
       Stack:                         0      0         512    
       Linker Generated:              0      42        0      
    +--+------------------------------+------+---------+---------+
       Grand Total:                   2510   882       520    


LINKER GENERATED COPY TABLES

__TI_cinit_table @ 00000d40 records: 2, size/record: 8, table size: 16
	.bss: load addr=00000d30, load size=00000008 bytes, run addr=20000200, run size=00000006 bytes, compression=zero_init
	.data: load addr=00000d38, load size=00000006 bytes, run addr=20000206, run size=00000002 bytes, compression=lzss


LINKER GENERATED HANDLER TABLE

__TI_handler_table @ 00000d20 records: 3, size/record: 4, table size: 12
	index: 0, handler: __TI_decompress_lzss
	index: 1, handler: __TI_decompress_none
	index: 2, handler: __TI_zero_init


GLOBAL SYMBOLS: SORTED ALPHABETICALLY BY Name 

address   name                          
-------   ----                          
00000c3d  C$$EXIT                       
00000bed  CPUcpsie                      
00000b09  GPIODirModeSet                
00000511  GPIOPadConfigSet              
00000c1f  GPIOPinRead                   
00000b71  GPIOPinTypeGPIOOutput         
00000b9d  GPIOPinTypeUART               
00000c25  GPIOPinWrite                  
00000365  InitUART                      
000008e5  IntEnable                     
00000bc1  IntMasterEnable               
20000207  LED                           
00000bf9  ResetISR                      
00000645  SysCtlClockGet                
00000755  SysCtlClockSet                
00000c2b  SysCtlDelay                   
00000aa1  SysCtlPeripheralEnable        
0000039f  Timer0IntHandler              
000009b5  TimerConfigure                
00000bd1  TimerEnable                   
00000c31  TimerIntClear                 
00000c0f  TimerIntEnable                
00000baf  TimerLoadSet                  
0000045b  UART0IntHandler               
00000c05  UARTCharGet                   
00000a15  UARTConfigSetExpClk           
00000b35  UARTDisable                   
00000b89  UARTEnable                    
00000c35  UARTIntClear                  
00000c17  UARTIntEnable                 
20000200  __STACK_END                   
00000200  __STACK_SIZE                  
20000200  __STACK_TOP                   
00000d40  __TI_CINIT_Base               
00000d50  __TI_CINIT_Limit              
00000d20  __TI_Handler_Table_Base       
00000d2c  __TI_Handler_Table_Limit      
00000a5d  __TI_auto_init_nobinit_nopinit
0000094d  __TI_decompress_lzss          
00000bdf  __TI_decompress_none          
ffffffff  __TI_pprof_out_hndl           
ffffffff  __TI_prof_data_size           
ffffffff  __TI_prof_data_start          
00000000  __TI_static_base__            
00000b55  __TI_zero_init_nomemset       
00000849  __aeabi_memcpy                
00000849  __aeabi_memcpy4               
00000849  __aeabi_memcpy8               
ffffffff  __binit__                     
ffffffff  __c_args__                    
UNDEFED   __mpu_init                    
20000000  __stack                       
20000000  __start___llvm_prf_cnts       
20000000  __stop___llvm_prf_cnts        
00000ad5  _c_int00_noargs               
UNDEFED   _system_post_cinit            
00000c39  _system_pre_init              
00000c3d  abort                         
ffffffff  binit                         
20000206  cont                          
00000000  g_pfnVectors                  
20000204  i                             
0000026d  main                          
00000849  memcpy                        
20000200  period                        
20000205  recompilado                   
000002d7  semaforo                      


GLOBAL SYMBOLS: SORTED BY Symbol Address 

address   name                          
-------   ----                          
00000000  __TI_static_base__            
00000000  g_pfnVectors                  
00000200  __STACK_SIZE                  
0000026d  main                          
000002d7  semaforo                      
00000365  InitUART                      
0000039f  Timer0IntHandler              
0000045b  UART0IntHandler               
00000511  GPIOPadConfigSet              
00000645  SysCtlClockGet                
00000755  SysCtlClockSet                
00000849  __aeabi_memcpy                
00000849  __aeabi_memcpy4               
00000849  __aeabi_memcpy8               
00000849  memcpy                        
000008e5  IntEnable                     
0000094d  __TI_decompress_lzss          
000009b5  TimerConfigure                
00000a15  UARTConfigSetExpClk           
00000a5d  __TI_auto_init_nobinit_nopinit
00000aa1  SysCtlPeripheralEnable        
00000ad5  _c_int00_noargs               
00000b09  GPIODirModeSet                
00000b35  UARTDisable                   
00000b55  __TI_zero_init_nomemset       
00000b71  GPIOPinTypeGPIOOutput         
00000b89  UARTEnable                    
00000b9d  GPIOPinTypeUART               
00000baf  TimerLoadSet                  
00000bc1  IntMasterEnable               
00000bd1  TimerEnable                   
00000bdf  __TI_decompress_none          
00000bed  CPUcpsie                      
00000bf9  ResetISR                      
00000c05  UARTCharGet                   
00000c0f  TimerIntEnable                
00000c17  UARTIntEnable                 
00000c1f  GPIOPinRead                   
00000c25  GPIOPinWrite                  
00000c2b  SysCtlDelay                   
00000c31  TimerIntClear                 
00000c35  UARTIntClear                  
00000c39  _system_pre_init              
00000c3d  C$$EXIT                       
00000c3d  abort                         
00000d20  __TI_Handler_Table_Base       
00000d2c  __TI_Handler_Table_Limit      
00000d40  __TI_CINIT_Base               
00000d50  __TI_CINIT_Limit              
20000000  __stack                       
20000000  __start___llvm_prf_cnts       
20000000  __stop___llvm_prf_cnts        
20000200  __STACK_END                   
20000200  __STACK_TOP                   
20000200  period                        
20000204  i                             
20000205  recompilado                   
20000206  cont                          
20000207  LED                           
ffffffff  __TI_pprof_out_hndl           
ffffffff  __TI_prof_data_size           
ffffffff  __TI_prof_data_start          
ffffffff  __binit__                     
ffffffff  __c_args__                    
ffffffff  binit                         
UNDEFED   __mpu_init                    
UNDEFED   _system_post_cinit            

[67 symbols]
